Stm32_F103C6_USART_Driver.c:29:6:MCAL_UART_Init	24	static
Stm32_F103C6_USART_Driver.c:120:6:MCAL_UART_DInit	16	static
Stm32_F103C6_USART_Driver.c:148:6:MCAL_UART_GPIO_Set_Pins	24	static
Stm32_F103C6_USART_Driver.c:277:6:MCAL_UART_SendData	24	static
Stm32_F103C6_USART_Driver.c:330:6:MCAL_UART_ReceiveData	24	static
Stm32_F103C6_USART_Driver.c:437:6:MCAL_UART_WAIT_TC	16	static
Stm32_F103C6_USART_Driver.c:446:6:USART1_IRQHandler	8	static
Stm32_F103C6_USART_Driver.c:450:6:USART2_IRQHandler	8	static
Stm32_F103C6_USART_Driver.c:454:6:USART3_IRQHandler	8	static
