Archive member included to satisfy reference by file (symbol)

c:/st/stm32cubeide_1.4.0/stm32cubeide/plugins/com.st.stm32cube.ide.mcu.externaltools.gnu-tools-for-stm32.7-2018-q2-update.win32_1.4.0.202007081208/tools/bin/../lib/gcc/arm-none-eabi/7.3.1/../../../../arm-none-eabi/lib/thumb/v7-m\libc_nano.a(lib_a-errno.o)
                              Src/syscalls.o (__errno)
c:/st/stm32cubeide_1.4.0/stm32cubeide/plugins/com.st.stm32cube.ide.mcu.externaltools.gnu-tools-for-stm32.7-2018-q2-update.win32_1.4.0.202007081208/tools/bin/../lib/gcc/arm-none-eabi/7.3.1/../../../../arm-none-eabi/lib/thumb/v7-m\libc_nano.a(lib_a-exit.o)
                              c:/st/stm32cubeide_1.4.0/stm32cubeide/plugins/com.st.stm32cube.ide.mcu.externaltools.gnu-tools-for-stm32.7-2018-q2-update.win32_1.4.0.202007081208/tools/bin/../lib/gcc/arm-none-eabi/7.3.1/../../../../arm-none-eabi/lib/thumb/v7-m/crt0.o (exit)
c:/st/stm32cubeide_1.4.0/stm32cubeide/plugins/com.st.stm32cube.ide.mcu.externaltools.gnu-tools-for-stm32.7-2018-q2-update.win32_1.4.0.202007081208/tools/bin/../lib/gcc/arm-none-eabi/7.3.1/../../../../arm-none-eabi/lib/thumb/v7-m\libc_nano.a(lib_a-impure.o)
                              c:/st/stm32cubeide_1.4.0/stm32cubeide/plugins/com.st.stm32cube.ide.mcu.externaltools.gnu-tools-for-stm32.7-2018-q2-update.win32_1.4.0.202007081208/tools/bin/../lib/gcc/arm-none-eabi/7.3.1/../../../../arm-none-eabi/lib/thumb/v7-m\libc_nano.a(lib_a-exit.o) (_global_impure_ptr)
c:/st/stm32cubeide_1.4.0/stm32cubeide/plugins/com.st.stm32cube.ide.mcu.externaltools.gnu-tools-for-stm32.7-2018-q2-update.win32_1.4.0.202007081208/tools/bin/../lib/gcc/arm-none-eabi/7.3.1/../../../../arm-none-eabi/lib/thumb/v7-m\libc_nano.a(lib_a-init.o)
                              c:/st/stm32cubeide_1.4.0/stm32cubeide/plugins/com.st.stm32cube.ide.mcu.externaltools.gnu-tools-for-stm32.7-2018-q2-update.win32_1.4.0.202007081208/tools/bin/../lib/gcc/arm-none-eabi/7.3.1/../../../../arm-none-eabi/lib/thumb/v7-m/crt0.o (__libc_init_array)
c:/st/stm32cubeide_1.4.0/stm32cubeide/plugins/com.st.stm32cube.ide.mcu.externaltools.gnu-tools-for-stm32.7-2018-q2-update.win32_1.4.0.202007081208/tools/bin/../lib/gcc/arm-none-eabi/7.3.1/../../../../arm-none-eabi/lib/thumb/v7-m\libc_nano.a(lib_a-memset.o)
                              c:/st/stm32cubeide_1.4.0/stm32cubeide/plugins/com.st.stm32cube.ide.mcu.externaltools.gnu-tools-for-stm32.7-2018-q2-update.win32_1.4.0.202007081208/tools/bin/../lib/gcc/arm-none-eabi/7.3.1/../../../../arm-none-eabi/lib/thumb/v7-m/crt0.o (memset)

Allocating common symbols
Common symbol       size              file

PinConfig           0x4               HAL/LCD.o
ch                  0x2               APP/UART_Test_1_Debugging_Using_Polling.o
GP_IRQ_CallBack     0x3c              Stm32_F103C6_Drivers/Stm32_F103C6_EXTI_Driver.o

Discarded input sections

 .text          0x0000000000000000        0x0 c:/st/stm32cubeide_1.4.0/stm32cubeide/plugins/com.st.stm32cube.ide.mcu.externaltools.gnu-tools-for-stm32.7-2018-q2-update.win32_1.4.0.202007081208/tools/bin/../lib/gcc/arm-none-eabi/7.3.1/thumb/v7-m/crti.o
 .data          0x0000000000000000        0x0 c:/st/stm32cubeide_1.4.0/stm32cubeide/plugins/com.st.stm32cube.ide.mcu.externaltools.gnu-tools-for-stm32.7-2018-q2-update.win32_1.4.0.202007081208/tools/bin/../lib/gcc/arm-none-eabi/7.3.1/thumb/v7-m/crti.o
 .bss           0x0000000000000000        0x0 c:/st/stm32cubeide_1.4.0/stm32cubeide/plugins/com.st.stm32cube.ide.mcu.externaltools.gnu-tools-for-stm32.7-2018-q2-update.win32_1.4.0.202007081208/tools/bin/../lib/gcc/arm-none-eabi/7.3.1/thumb/v7-m/crti.o
 .data          0x0000000000000000        0x4 c:/st/stm32cubeide_1.4.0/stm32cubeide/plugins/com.st.stm32cube.ide.mcu.externaltools.gnu-tools-for-stm32.7-2018-q2-update.win32_1.4.0.202007081208/tools/bin/../lib/gcc/arm-none-eabi/7.3.1/thumb/v7-m/crtbegin.o
 .text          0x0000000000000000       0x74 c:/st/stm32cubeide_1.4.0/stm32cubeide/plugins/com.st.stm32cube.ide.mcu.externaltools.gnu-tools-for-stm32.7-2018-q2-update.win32_1.4.0.202007081208/tools/bin/../lib/gcc/arm-none-eabi/7.3.1/../../../../arm-none-eabi/lib/thumb/v7-m/crt0.o
 .data          0x0000000000000000        0x0 c:/st/stm32cubeide_1.4.0/stm32cubeide/plugins/com.st.stm32cube.ide.mcu.externaltools.gnu-tools-for-stm32.7-2018-q2-update.win32_1.4.0.202007081208/tools/bin/../lib/gcc/arm-none-eabi/7.3.1/../../../../arm-none-eabi/lib/thumb/v7-m/crt0.o
 .bss           0x0000000000000000        0x0 c:/st/stm32cubeide_1.4.0/stm32cubeide/plugins/com.st.stm32cube.ide.mcu.externaltools.gnu-tools-for-stm32.7-2018-q2-update.win32_1.4.0.202007081208/tools/bin/../lib/gcc/arm-none-eabi/7.3.1/../../../../arm-none-eabi/lib/thumb/v7-m/crt0.o
 .ARM.extab     0x0000000000000000        0x0 c:/st/stm32cubeide_1.4.0/stm32cubeide/plugins/com.st.stm32cube.ide.mcu.externaltools.gnu-tools-for-stm32.7-2018-q2-update.win32_1.4.0.202007081208/tools/bin/../lib/gcc/arm-none-eabi/7.3.1/../../../../arm-none-eabi/lib/thumb/v7-m/crt0.o
[...]
Memory Configuration

Name             Origin             Length             Attributes
RAM              0x0000000020000000 0x0000000000002800 xrw
ROM              0x0000000008000000 0x0000000000008000 xr
*default*        0x0000000000000000 0xffffffffffffffff

Linker script and memory map

LOAD c:/st/stm32cubeide_1.4.0/stm32cubeide/plugins/com.st.stm32cube.ide.mcu.externaltools.gnu-tools-for-stm32.7-2018-q2-update.win32_1.4.0.202007081208/tools/bin/../lib/gcc/arm-none-eabi/7.3.1/thumb/v7-m/crti.o
LOAD c:/st/stm32cubeide_1.4.0/stm32cubeide/plugins/com.st.stm32cube.ide.mcu.externaltools.gnu-tools-for-stm32.7-2018-q2-update.win32_1.4.0.202007081208/tools/bin/../lib/gcc/arm-none-eabi/7.3.1/thumb/v7-m/crtbegin.o
LOAD c:/st/stm32cubeide_1.4.0/stm32cubeide/plugins/com.st.stm32cube.ide.mcu.externaltools.gnu-tools-for-stm32.7-2018-q2-update.win32_1.4.0.202007081208/tools/bin/../lib/gcc/arm-none-eabi/7.3.1/../../../../arm-none-eabi/lib/thumb/v7-m/crt0.o
LOAD APP/GPIO_Toggel_LEDs_Using_Push_Button.o
LOAD APP/UART_Test_1_Debugging_Using_Polling.o
LOAD HAL/Keypad.o
LOAD HAL/LCD.o
LOAD Src/main.o
LOAD Src/syscalls.o
LOAD Src/sysmem.o
LOAD Startup/startup_stm32f103c6tx.o
LOAD Stm32_F103C6_Drivers/Stm32_F103C6_EXTI_Driver.o
LOAD Stm32_F103C6_Drivers/Stm32_F103C6_GPIO_Driver.o
LOAD Stm32_F103C6_Drivers/Stm32_F103C6_RCC_Driver.o
LOAD Stm32_F103C6_Drivers/Stm32_F103C6_USART_Driver.o
START GROUP
LOAD c:/st/stm32cubeide_1.4.0/stm32cubeide/plugins/com.st.stm32cube.ide.mcu.externaltools.gnu-tools-for-stm32.7-2018-q2-update.win32_1.4.0.202007081208/tools/bin/../lib/gcc/arm-none-eabi/7.3.1/../../../../arm-none-eabi/lib/thumb/v7-m\libc_nano.a
LOAD c:/st/stm32cubeide_1.4.0/stm32cubeide/plugins/com.st.stm32cube.ide.mcu.externaltools.gnu-tools-for-stm32.7-2018-q2-update.win32_1.4.0.202007081208/tools/bin/../lib/gcc/arm-none-eabi/7.3.1/../../../../arm-none-eabi/lib/thumb/v7-m\libm.a
END GROUP
START GROUP
LOAD c:/st/stm32cubeide_1.4.0/stm32cubeide/plugins/com.st.stm32cube.ide.mcu.externaltools.gnu-tools-for-stm32.7-2018-q2-update.win32_1.4.0.202007081208/tools/bin/../lib/gcc/arm-none-eabi/7.3.1/thumb/v7-m\libgcc.a
LOAD c:/st/stm32cubeide_1.4.0/stm32cubeide/plugins/com.st.stm32cube.ide.mcu.externaltools.gnu-tools-for-stm32.7-2018-q2-update.win32_1.4.0.202007081208/tools/bin/../lib/gcc/arm-none-eabi/7.3.1/../../../../arm-none-eabi/lib/thumb/v7-m\libg_nano.a
LOAD c:/st/stm32cubeide_1.4.0/stm32cubeide/plugins/com.st.stm32cube.ide.mcu.externaltools.gnu-tools-for-stm32.7-2018-q2-update.win32_1.4.0.202007081208/tools/bin/../lib/gcc/arm-none-eabi/7.3.1/../../../../arm-none-eabi/lib/thumb/v7-m\libc_nano.a
END GROUP
START GROUP
LOAD c:/st/stm32cubeide_1.4.0/stm32cubeide/plugins/com.st.stm32cube.ide.mcu.externaltools.gnu-tools-for-stm32.7-2018-q2-update.win32_1.4.0.202007081208/tools/bin/../lib/gcc/arm-none-eabi/7.3.1/thumb/v7-m\libgcc.a
LOAD c:/st/stm32cubeide_1.4.0/stm32cubeide/plugins/com.st.stm32cube.ide.mcu.externaltools.gnu-tools-for-stm32.7-2018-q2-update.win32_1.4.0.202007081208/tools/bin/../lib/gcc/arm-none-eabi/7.3.1/../../../../arm-none-eabi/lib/thumb/v7-m\libc_nano.a
LOAD c:/st/stm32cubeide_1.4.0/stm32cubeide/plugins/com.st.stm32cube.ide.mcu.externaltools.gnu-tools-for-stm32.7-2018-q2-update.win32_1.4.0.202007081208/tools/bin/../lib/gcc/arm-none-eabi/7.3.1/../../../../arm-none-eabi/lib/thumb/v7-m\libnosys.a
END GROUP
START GROUP
LOAD c:/st/stm32cubeide_1.4.0/stm32cubeide/plugins/com.st.stm32cube.ide.mcu.externaltools.gnu-tools-for-stm32.7-2018-q2-update.win32_1.4.0.202007081208/tools/bin/../lib/gcc/arm-none-eabi/7.3.1/thumb/v7-m\libgcc.a
LOAD c:/st/stm32cubeide_1.4.0/stm32cubeide/plugins/com.st.stm32cube.ide.mcu.externaltools.gnu-tools-for-stm32.7-2018-q2-update.win32_1.4.0.202007081208/tools/bin/../lib/gcc/arm-none-eabi/7.3.1/../../../../arm-none-eabi/lib/thumb/v7-m\libc_nano.a
LOAD c:/st/stm32cubeide_1.4.0/stm32cubeide/plugins/com.st.stm32cube.ide.mcu.externaltools.gnu-tools-for-stm32.7-2018-q2-update.win32_1.4.0.202007081208/tools/bin/../lib/gcc/arm-none-eabi/7.3.1/../../../../arm-none-eabi/lib/thumb/v7-m\libnosys.a
END GROUP
LOAD c:/st/stm32cubeide_1.4.0/stm32cubeide/plugins/com.st.stm32cube.ide.mcu.externaltools.gnu-tools-for-stm32.7-2018-q2-update.win32_1.4.0.202007081208/tools/bin/../lib/gcc/arm-none-eabi/7.3.1/thumb/v7-m/crtend.o
LOAD c:/st/stm32cubeide_1.4.0/stm32cubeide/plugins/com.st.stm32cube.ide.mcu.externaltools.gnu-tools-for-stm32.7-2018-q2-update.win32_1.4.0.202007081208/tools/bin/../lib/gcc/arm-none-eabi/7.3.1/thumb/v7-m/crtn.o
                0x0000000020002800                _estack = (ORIGIN (RAM) + LENGTH (RAM))
                0x0000000000000200                _Min_Heap_Size = 0x200
                0x0000000000000400                _Min_Stack_Size = 0x400

.isr_vector     0x0000000008000000      0x130
                0x0000000008000000                . = ALIGN (0x4)
 *(.isr_vector)
 .isr_vector    0x0000000008000000      0x130 Startup/startup_stm32f103c6tx.o
                0x0000000008000000                g_pfnVectors
                0x0000000008000130                . = ALIGN (0x4)

.text           0x0000000008000130      0xa74
                0x0000000008000130                . = ALIGN (0x4)
 *(.text)
 .text          0x0000000008000130       0x40 c:/st/stm32cubeide_1.4.0/stm32cubeide/plugins/com.st.stm32cube.ide.mcu.externaltools.gnu-tools-for-stm32.7-2018-q2-update.win32_1.4.0.202007081208/tools/bin/../lib/gcc/arm-none-eabi/7.3.1/thumb/v7-m/crtbegin.o
 *(.text*)
 .text.clock_init
                0x0000000008000170       0x34 APP/UART_Test_1_Debugging_Using_Polling.o
 .text.UART_Test_1_Debugging_Using_Polling
                0x00000000080001a4       0x5c APP/UART_Test_1_Debugging_Using_Polling.o
                0x00000000080001a4                UART_Test_1_Debugging_Using_Polling
 .text.main     0x0000000008000200        0xe Src/main.o
                0x0000000008000200                main
 *fill*         0x000000000800020e        0x2 
 .text.Reset_Handler
                0x0000000008000210       0x50 Startup/startup_stm32f103c6tx.o
                0x0000000008000210                Reset_Handler
 .text.Default_Handler
                0x0000000008000260        0x2 Startup/startup_stm32f103c6tx.o
                0x0000000008000260                TIM8_TRG_COM_IRQHandler
                0x0000000008000260                TIM8_CC_IRQHandler
                0x0000000008000260                DebugMon_Handler
                0x0000000008000260                TIM1_CC_IRQHandler
                0x0000000008000260                HardFault_Handler
                0x0000000008000260                TIM6_IRQHandler
                0x0000000008000260                SysTick_Handler
                0x0000000008000260                PVD_IRQHandler
                0x0000000008000260                SDIO_IRQHandler
                0x0000000008000260                PendSV_Handler
                0x0000000008000260                NMI_Handler
                0x0000000008000260                USB_HP_CAN_TX_IRQHandler
                0x0000000008000260                I2C2_EV_IRQHandler
                0x0000000008000260                UsageFault_Handler
                0x0000000008000260                ADC1_2_IRQHandler
                0x0000000008000260                SPI1_IRQHandler
                0x0000000008000260                CAN_SCE_IRQHandler
                0x0000000008000260                TAMPER_IRQHandler
                0x0000000008000260                TIM8_UP_IRQHandler
                0x0000000008000260                DMA2_Channel2_IRQHandler
                0x0000000008000260                DMA1_Channel4_IRQHandler
                0x0000000008000260                RTC_IRQHandler
                0x0000000008000260                DMA1_Channel7_IRQHandler
                0x0000000008000260                UART5_IRQHandler
                0x0000000008000260                ADC3_IRQHandler
                0x0000000008000260                TIM4_IRQHandler
                0x0000000008000260                CAN_RX1_IRQHandler
                0x0000000008000260                DMA2_Channel1_IRQHandler
                0x0000000008000260                I2C1_EV_IRQHandler
                0x0000000008000260                DMA1_Channel6_IRQHandler
                0x0000000008000260                UART4_IRQHandler
                0x0000000008000260                TIM3_IRQHandler
                0x0000000008000260                RCC_IRQHandler
                0x0000000008000260                TIM1_TRG_COM_IRQHandler
                0x0000000008000260                DMA1_Channel1_IRQHandler
                0x0000000008000260                Default_Handler
                0x0000000008000260                TIM7_IRQHandler
                0x0000000008000260                TIM5_IRQHandler
                0x0000000008000260                SPI2_IRQHandler
                0x0000000008000260                USB_LP_CAN_RX0_IRQHandler
                0x0000000008000260                MemManage_Handler
                0x0000000008000260                SVC_Handler
                0x0000000008000260                DMA1_Channel5_IRQHandler
                0x0000000008000260                DMA1_Channel3_IRQHandler
                0x0000000008000260                FSMC_IRQHandler
                0x0000000008000260                TIM1_UP_IRQHandler
                0x0000000008000260                WWDG_IRQHandler
                0x0000000008000260                TIM2_IRQHandler
                0x0000000008000260                TIM1_BRK_IRQHandler
                0x0000000008000260                RTCAlarm_IRQHandler
                0x0000000008000260                DMA2_Channel4_5_IRQHandler
                0x0000000008000260                I2C2_ER_IRQHandler
                0x0000000008000260                DMA1_Channel2_IRQHandler
                0x0000000008000260                TIM8_BRK_IRQHandler
                0x0000000008000260                FLASH_IRQHandler
                0x0000000008000260                BusFault_Handler
                0x0000000008000260                SPI3_IRQHandler
                0x0000000008000260                I2C1_ER_IRQHandler
                0x0000000008000260                DMA2_Channel3_IRQHandler
 *fill*         0x0000000008000262        0x2 
 .text.EXTI0_IRQHandler
                0x0000000008000264       0x24 Stm32_F103C6_Drivers/Stm32_F103C6_EXTI_Driver.o
                0x0000000008000264                EXTI0_IRQHandler
 .text.EXTI1_IRQHandler
                0x0000000008000288       0x24 Stm32_F103C6_Drivers/Stm32_F103C6_EXTI_Driver.o
                0x0000000008000288                EXTI1_IRQHandler
 .text.EXTI2_IRQHandler
                0x00000000080002ac       0x24 Stm32_F103C6_Drivers/Stm32_F103C6_EXTI_Driver.o
                0x00000000080002ac                EXTI2_IRQHandler
 .text.EXTI3_IRQHandler
                0x00000000080002d0       0x24 Stm32_F103C6_Drivers/Stm32_F103C6_EXTI_Driver.o
                0x00000000080002d0                EXTI3_IRQHandler
 .text.EXTI4_IRQHandler
                0x00000000080002f4       0x24 Stm32_F103C6_Drivers/Stm32_F103C6_EXTI_Driver.o
                0x00000000080002f4                EXTI4_IRQHandler
 .text.EXTI9_5_IRQHandler
                0x0000000008000318       0xa8 Stm32_F103C6_Drivers/Stm32_F103C6_EXTI_Driver.o
                0x0000000008000318                EXTI9_5_IRQHandler
 .text.EXTI15_10_IRQHandler
                0x00000000080003c0       0xc4 Stm32_F103C6_Drivers/Stm32_F103C6_EXTI_Driver.o
                0x00000000080003c0                EXTI15_10_IRQHandler
 .text.Get_CRLH_Position
                0x0000000008000484       0xc6 Stm32_F103C6_Drivers/Stm32_F103C6_GPIO_Driver.o
                0x0000000008000484                Get_CRLH_Position
 .text.MCAL_GPIO_Init
                0x000000000800054a       0xfe Stm32_F103C6_Drivers/Stm32_F103C6_GPIO_Driver.o
                0x000000000800054a                MCAL_GPIO_Init
 .text.MCAL_RCC_GetSYS_CLCKFreq
                0x0000000008000648       0x3c Stm32_F103C6_Drivers/Stm32_F103C6_RCC_Driver.o
                0x0000000008000648                MCAL_RCC_GetSYS_CLCKFreq
 .text.MCAL_RCC_GetHCLKFreq
                0x0000000008000684       0x28 Stm32_F103C6_Drivers/Stm32_F103C6_RCC_Driver.o
                0x0000000008000684                MCAL_RCC_GetHCLKFreq
 .text.MCAL_RCC_GetPCLK1Freq
                0x00000000080006ac       0x28 Stm32_F103C6_Drivers/Stm32_F103C6_RCC_Driver.o
                0x00000000080006ac                MCAL_RCC_GetPCLK1Freq
 .text.MCAL_RCC_GetPCLK2Freq
                0x00000000080006d4       0x28 Stm32_F103C6_Drivers/Stm32_F103C6_RCC_Driver.o
                0x00000000080006d4                MCAL_RCC_GetPCLK2Freq
 .text.MCAL_UART_Init
                0x00000000080006fc      0x190 Stm32_F103C6_Drivers/Stm32_F103C6_USART_Driver.o
                0x00000000080006fc                MCAL_UART_Init
 .text.MCAL_UART_GPIO_Set_Pins
                0x000000000800088c      0x110 Stm32_F103C6_Drivers/Stm32_F103C6_USART_Driver.o
                0x000000000800088c                MCAL_UART_GPIO_Set_Pins
 .text.MCAL_UART_SendData
                0x000000000800099c       0x94 Stm32_F103C6_Drivers/Stm32_F103C6_USART_Driver.o
                0x000000000800099c                MCAL_UART_SendData
 .text.MCAL_UART_ReceiveData
                0x0000000008000a30       0xd8 Stm32_F103C6_Drivers/Stm32_F103C6_USART_Driver.o
                0x0000000008000a30                MCAL_UART_ReceiveData
 .text.USART1_IRQHandler
                0x0000000008000b08       0x14 Stm32_F103C6_Drivers/Stm32_F103C6_USART_Driver.o
                0x0000000008000b08                USART1_IRQHandler
 .text.USART2_IRQHandler
                0x0000000008000b1c       0x14 Stm32_F103C6_Drivers/Stm32_F103C6_USART_Driver.o
                0x0000000008000b1c                USART2_IRQHandler
 .text.USART3_IRQHandler
                0x0000000008000b30       0x14 Stm32_F103C6_Drivers/Stm32_F103C6_USART_Driver.o
                0x0000000008000b30                USART3_IRQHandler
 .text.__libc_init_array
                0x0000000008000b44       0x48 c:/st/stm32cubeide_1.4.0/stm32cubeide/plugins/com.st.stm32cube.ide.mcu.externaltools.gnu-tools-for-stm32.7-2018-q2-update.win32_1.4.0.202007081208/tools/bin/../lib/gcc/arm-none-eabi/7.3.1/../../../../arm-none-eabi/lib/thumb/v7-m\libc_nano.a(lib_a-init.o)
                0x0000000008000b44                __libc_init_array
 *(.glue_7)
 .glue_7        0x0000000008000b8c        0x0 linker stubs
 *(.glue_7t)
 .glue_7t       0x0000000008000b8c        0x0 linker stubs
 *(.eh_frame)
 .eh_frame      0x0000000008000b8c        0x0 c:/st/stm32cubeide_1.4.0/stm32cubeide/plugins/com.st.stm32cube.ide.mcu.externaltools.gnu-tools-for-stm32.7-2018-q2-update.win32_1.4.0.202007081208/tools/bin/../lib/gcc/arm-none-eabi/7.3.1/thumb/v7-m/crtbegin.o
 *(.init)
 .init          0x0000000008000b8c        0x4 c:/st/stm32cubeide_1.4.0/stm32cubeide/plugins/com.st.stm32cube.ide.mcu.externaltools.gnu-tools-for-stm32.7-2018-q2-update.win32_1.4.0.202007081208/tools/bin/../lib/gcc/arm-none-eabi/7.3.1/thumb/v7-m/crti.o
                0x0000000008000b8c                _init
 .init          0x0000000008000b90        0x8 c:/st/stm32cubeide_1.4.0/stm32cubeide/plugins/com.st.stm32cube.ide.mcu.externaltools.gnu-tools-for-stm32.7-2018-q2-update.win32_1.4.0.202007081208/tools/bin/../lib/gcc/arm-none-eabi/7.3.1/thumb/v7-m/crtn.o
 *(.fini)
 .fini          0x0000000008000b98        0x4 c:/st/stm32cubeide_1.4.0/stm32cubeide/plugins/com.st.stm32cube.ide.mcu.externaltools.gnu-tools-for-stm32.7-2018-q2-update.win32_1.4.0.202007081208/tools/bin/../lib/gcc/arm-none-eabi/7.3.1/thumb/v7-m/crti.o
                0x0000000008000b98                _fini
 .fini          0x0000000008000b9c        0x8 c:/st/stm32cubeide_1.4.0/stm32cubeide/plugins/com.st.stm32cube.ide.mcu.externaltools.gnu-tools-for-stm32.7-2018-q2-update.win32_1.4.0.202007081208/tools/bin/../lib/gcc/arm-none-eabi/7.3.1/thumb/v7-m/crtn.o
                0x0000000008000ba4                . = ALIGN (0x4)
                0x0000000008000ba4                _etext = .

.vfp11_veneer   0x0000000008000ba4        0x0
 .vfp11_veneer  0x0000000008000ba4        0x0 linker stubs

.v4_bx          0x0000000008000ba4        0x0
 .v4_bx         0x0000000008000ba4        0x0 linker stubs

.iplt           0x0000000008000ba4        0x0
 .iplt          0x0000000008000ba4        0x0 c:/st/stm32cubeide_1.4.0/stm32cubeide/plugins/com.st.stm32cube.ide.mcu.externaltools.gnu-tools-for-stm32.7-2018-q2-update.win32_1.4.0.202007081208/tools/bin/../lib/gcc/arm-none-eabi/7.3.1/thumb/v7-m/crtbegin.o

.rodata         0x0000000008000ba4       0x18
                0x0000000008000ba4                . = ALIGN (0x4)
 *(.rodata)
 *(.rodata*)
 .rodata.APBPrescTable
                0x0000000008000ba4        0x8 Stm32_F103C6_Drivers/Stm32_F103C6_RCC_Driver.o
                0x0000000008000ba4                APBPrescTable
 .rodata.AHBPrescTable
                0x0000000008000bac       0x10 Stm32_F103C6_Drivers/Stm32_F103C6_RCC_Driver.o
                0x0000000008000bac                AHBPrescTable
                0x0000000008000bbc                . = ALIGN (0x4)

.rel.dyn        0x0000000008000bbc        0x0
 .rel.iplt      0x0000000008000bbc        0x0 c:/st/stm32cubeide_1.4.0/stm32cubeide/plugins/com.st.stm32cube.ide.mcu.externaltools.gnu-tools-for-stm32.7-2018-q2-update.win32_1.4.0.202007081208/tools/bin/../lib/gcc/arm-none-eabi/7.3.1/thumb/v7-m/crtbegin.o

.ARM.extab      0x0000000008000bbc        0x0
                0x0000000008000bbc                . = ALIGN (0x4)
 *(.ARM.extab* .gnu.linkonce.armextab.*)
                0x0000000008000bbc                . = ALIGN (0x4)

.ARM            0x0000000008000bbc        0x0
                0x0000000008000bbc                . = ALIGN (0x4)
                0x0000000008000bbc                __exidx_start = .
 *(.ARM.exidx*)
                0x0000000008000bbc                __exidx_end = .
                0x0000000008000bbc                . = ALIGN (0x4)

.preinit_array  0x0000000008000bbc        0x0
                0x0000000008000bbc                . = ALIGN (0x4)
                0x0000000008000bbc                PROVIDE (__preinit_array_start = .)
 *(.preinit_array*)
                0x0000000008000bbc                PROVIDE (__preinit_array_end = .)
                0x0000000008000bbc                . = ALIGN (0x4)

.init_array     0x0000000008000bbc        0x4
                0x0000000008000bbc                . = ALIGN (0x4)
                0x0000000008000bbc                PROVIDE (__init_array_start = .)
 *(SORT_BY_NAME(.init_array.*))
 *(.init_array*)
 .init_array    0x0000000008000bbc        0x4 c:/st/stm32cubeide_1.4.0/stm32cubeide/plugins/com.st.stm32cube.ide.mcu.externaltools.gnu-tools-for-stm32.7-2018-q2-update.win32_1.4.0.202007081208/tools/bin/../lib/gcc/arm-none-eabi/7.3.1/thumb/v7-m/crtbegin.o
                0x0000000008000bc0                PROVIDE (__init_array_end = .)
                0x0000000008000bc0                . = ALIGN (0x4)

.fini_array     0x0000000008000bc0        0x4
                0x0000000008000bc0                . = ALIGN (0x4)
                [!provide]                        PROVIDE (__fini_array_start = .)
 *(SORT_BY_NAME(.fini_array.*))
 *(.fini_array*)
 .fini_array    0x0000000008000bc0        0x4 c:/st/stm32cubeide_1.4.0/stm32cubeide/plugins/com.st.stm32cube.ide.mcu.externaltools.gnu-tools-for-stm32.7-2018-q2-update.win32_1.4.0.202007081208/tools/bin/../lib/gcc/arm-none-eabi/7.3.1/thumb/v7-m/crtbegin.o
                [!provide]                        PROVIDE (__fini_array_end = .)
                0x0000000008000bc4                . = ALIGN (0x4)
                0x0000000008000bc4                _sidata = LOADADDR (.data)

.data           0x0000000020000000        0x0 load address 0x0000000008000bc4
                0x0000000020000000                . = ALIGN (0x4)
                0x0000000020000000                _sdata = .
 *(.data)
 *(.data*)
                0x0000000020000000                . = ALIGN (0x4)
                0x0000000020000000                _edata = .

.igot.plt       0x0000000020000000        0x0 load address 0x0000000008000bc4
 .igot.plt      0x0000000020000000        0x0 c:/st/stm32cubeide_1.4.0/stm32cubeide/plugins/com.st.stm32cube.ide.mcu.externaltools.gnu-tools-for-stm32.7-2018-q2-update.win32_1.4.0.202007081208/tools/bin/../lib/gcc/arm-none-eabi/7.3.1/thumb/v7-m/crtbegin.o
                0x0000000020000000                . = ALIGN (0x4)

.bss            0x0000000020000000       0x68 load address 0x0000000008000bc4
                0x0000000020000000                _sbss = .
                0x0000000020000000                __bss_start__ = _sbss
 *(.bss)
 .bss           0x0000000020000000       0x1c c:/st/stm32cubeide_1.4.0/stm32cubeide/plugins/com.st.stm32cube.ide.mcu.externaltools.gnu-tools-for-stm32.7-2018-q2-update.win32_1.4.0.202007081208/tools/bin/../lib/gcc/arm-none-eabi/7.3.1/thumb/v7-m/crtbegin.o
 *(.bss*)
 .bss.Global_UART_Config
                0x000000002000001c        0xc Stm32_F103C6_Drivers/Stm32_F103C6_USART_Driver.o
                0x000000002000001c                Global_UART_Config
 *(COMMON)
 COMMON         0x0000000020000028        0x2 APP/UART_Test_1_Debugging_Using_Polling.o
                0x0000000020000028                ch
 *fill*         0x000000002000002a        0x2 
 COMMON         0x000000002000002c       0x3c Stm32_F103C6_Drivers/Stm32_F103C6_EXTI_Driver.o
                0x000000002000002c                GP_IRQ_CallBack
                0x0000000020000068                . = ALIGN (0x4)
                0x0000000020000068                _ebss = .
                0x0000000020000068                __bss_end__ = _ebss

._user_heap_stack
                0x0000000020000068      0x600 load address 0x0000000008000bc4
                0x0000000020000068                . = ALIGN (0x8)
                [!provide]                        PROVIDE (end = .)
                0x0000000020000068                PROVIDE (_end = .)
                0x0000000020000268                . = (. + _Min_Heap_Size)
 *fill*         0x0000000020000068      0x200 
                0x0000000020000668                . = (. + _Min_Stack_Size)
 *fill*         0x0000000020000268      0x400 
                0x0000000020000668                . = ALIGN (0x8)

/DISCARD/
 libc.a(*)
 libm.a(*)
 libgcc.a(*)

.ARM.attributes
                0x0000000000000000       0x29
 *(.ARM.attributes)
 .ARM.attributes
                0x0000000000000000       0x1d c:/st/stm32cubeide_1.4.0/stm32cubeide/plugins/com.st.stm32cube.ide.mcu.externaltools.gnu-tools-for-stm32.7-2018-q2-update.win32_1.4.0.202007081208/tools/bin/../lib/gcc/arm-none-eabi/7.3.1/thumb/v7-m/crti.o
 .ARM.attributes
                0x000000000000001d       0x2d c:/st/stm32cubeide_1.4.0/stm32cubeide/plugins/com.st.stm32cube.ide.mcu.externaltools.gnu-tools-for-stm32.7-2018-q2-update.win32_1.4.0.202007081208/tools/bin/../lib/gcc/arm-none-eabi/7.3.1/thumb/v7-m/crtbegin.o
 .ARM.attributes
                0x000000000000004a       0x33 APP/UART_Test_1_Debugging_Using_Polling.o
 .ARM.attributes
                0x000000000000007d       0x33 Src/main.o
 .ARM.attributes
                0x00000000000000b0       0x21 Startup/startup_stm32f103c6tx.o
 .ARM.attributes
                0x00000000000000d1       0x33 Stm32_F103C6_Drivers/Stm32_F103C6_EXTI_Driver.o
 .ARM.attributes
                0x0000000000000104       0x33 Stm32_F103C6_Drivers/Stm32_F103C6_GPIO_Driver.o
 .ARM.attributes
                0x0000000000000137       0x33 Stm32_F103C6_Drivers/Stm32_F103C6_RCC_Driver.o
 .ARM.attributes
                0x000000000000016a       0x33 Stm32_F103C6_Drivers/Stm32_F103C6_USART_Driver.o
 .ARM.attributes
                0x000000000000019d       0x2d c:/st/stm32cubeide_1.4.0/stm32cubeide/plugins/com.st.stm32cube.ide.mcu.externaltools.gnu-tools-for-stm32.7-2018-q2-update.win32_1.4.0.202007081208/tools/bin/../lib/gcc/arm-none-eabi/7.3.1/../../../../arm-none-eabi/lib/thumb/v7-m\libc_nano.a(lib_a-init.o)
 .ARM.attributes
                0x00000000000001ca       0x1d c:/st/stm32cubeide_1.4.0/stm32cubeide/plugins/com.st.stm32cube.ide.mcu.externaltools.gnu-tools-for-stm32.7-2018-q2-update.win32_1.4.0.202007081208/tools/bin/../lib/gcc/arm-none-eabi/7.3.1/thumb/v7-m/crtn.o
OUTPUT(Drivers.elf elf32-littlearm)

.debug_info     0x0000000000000000     0x4a2b
 .debug_info    0x0000000000000000      0xbc8 APP/UART_Test_1_Debugging_Using_Polling.o
 .debug_info    0x0000000000000bc8      0xa14 Src/main.o
 .debug_info    0x00000000000015dc       0x22 Startup/startup_stm32f103c6tx.o
 .debug_info    0x00000000000015fe      0xdb8 Stm32_F103C6_Drivers/Stm32_F103C6_EXTI_Driver.o
 .debug_info    0x00000000000023b6      0xd59 Stm32_F103C6_Drivers/Stm32_F103C6_GPIO_Driver.o
 .debug_info    0x000000000000310f      0xb09 Stm32_F103C6_Drivers/Stm32_F103C6_RCC_Driver.o
 .debug_info    0x0000000000003c18      0xe13 Stm32_F103C6_Drivers/Stm32_F103C6_USART_Driver.o

.debug_abbrev   0x0000000000000000      0xb66
 .debug_abbrev  0x0000000000000000      0x1c0 APP/UART_Test_1_Debugging_Using_Polling.o
 .debug_abbrev  0x00000000000001c0      0x17a Src/main.o
 .debug_abbrev  0x000000000000033a       0x12 Startup/startup_stm32f103c6tx.o
 .debug_abbrev  0x000000000000034c      0x210 Stm32_F103C6_Drivers/Stm32_F103C6_EXTI_Driver.o
 .debug_abbrev  0x000000000000055c      0x232 Stm32_F103C6_Drivers/Stm32_F103C6_GPIO_Driver.o
 .debug_abbrev  0x000000000000078e      0x19b Stm32_F103C6_Drivers/Stm32_F103C6_RCC_Driver.o
 .debug_abbrev  0x0000000000000929      0x23d Stm32_F103C6_Drivers/Stm32_F103C6_USART_Driver.o

.debug_loc      0x0000000000000000      0xa54
 .debug_loc     0x0000000000000000       0x7c APP/UART_Test_1_Debugging_Using_Polling.o
 .debug_loc     0x000000000000007c       0x2c Src/main.o
 .debug_loc     0x00000000000000a8      0x320 Stm32_F103C6_Drivers/Stm32_F103C6_EXTI_Driver.o
 .debug_loc     0x00000000000003c8      0x330 Stm32_F103C6_Drivers/Stm32_F103C6_GPIO_Driver.o
 .debug_loc     0x00000000000006f8       0xc8 Stm32_F103C6_Drivers/Stm32_F103C6_RCC_Driver.o
 .debug_loc     0x00000000000007c0      0x294 Stm32_F103C6_Drivers/Stm32_F103C6_USART_Driver.o

.debug_aranges  0x0000000000000000      0x1e8
 .debug_aranges
                0x0000000000000000       0x28 APP/UART_Test_1_Debugging_Using_Polling.o
 .debug_aranges
                0x0000000000000028       0x20 Src/main.o
 .debug_aranges
                0x0000000000000048       0x28 Startup/startup_stm32f103c6tx.o
 .debug_aranges
                0x0000000000000070       0x80 Stm32_F103C6_Drivers/Stm32_F103C6_EXTI_Driver.o
 .debug_aranges
                0x00000000000000f0       0x60 Stm32_F103C6_Drivers/Stm32_F103C6_GPIO_Driver.o
 .debug_aranges
                0x0000000000000150       0x38 Stm32_F103C6_Drivers/Stm32_F103C6_RCC_Driver.o
 .debug_aranges
                0x0000000000000188       0x60 Stm32_F103C6_Drivers/Stm32_F103C6_USART_Driver.o

.debug_ranges   0x0000000000000000      0x180
 .debug_ranges  0x0000000000000000       0x18 APP/UART_Test_1_Debugging_Using_Polling.o
 .debug_ranges  0x0000000000000018       0x10 Src/main.o
 .debug_ranges  0x0000000000000028       0x20 Startup/startup_stm32f103c6tx.o
 .debug_ranges  0x0000000000000048       0x70 Stm32_F103C6_Drivers/Stm32_F103C6_EXTI_Driver.o
 .debug_ranges  0x00000000000000b8       0x50 Stm32_F103C6_Drivers/Stm32_F103C6_GPIO_Driver.o
 .debug_ranges  0x0000000000000108       0x28 Stm32_F103C6_Drivers/Stm32_F103C6_RCC_Driver.o
 .debug_ranges  0x0000000000000130       0x50 Stm32_F103C6_Drivers/Stm32_F103C6_USART_Driver.o

.debug_macro    0x0000000000000000      0xcb2
 .debug_macro   0x0000000000000000      0x178 APP/UART_Test_1_Debugging_Using_Polling.o
 .debug_macro   0x0000000000000178      0x227 APP/UART_Test_1_Debugging_Using_Polling.o
 .debug_macro   0x000000000000039f       0x16 APP/UART_Test_1_Debugging_Using_Polling.o
 .debug_macro   0x00000000000003b5       0xe2 APP/UART_Test_1_Debugging_Using_Polling.o
 .debug_macro   0x0000000000000497      0x165 Src/main.o
 .debug_macro   0x00000000000005fc       0xa6 Src/main.o
 .debug_macro   0x00000000000006a2      0x152 Stm32_F103C6_Drivers/Stm32_F103C6_EXTI_Driver.o
 .debug_macro   0x00000000000007f4       0xd6 Stm32_F103C6_Drivers/Stm32_F103C6_EXTI_Driver.o
 .debug_macro   0x00000000000008ca      0x13f Stm32_F103C6_Drivers/Stm32_F103C6_GPIO_Driver.o
 .debug_macro   0x0000000000000a09      0x148 Stm32_F103C6_Drivers/Stm32_F103C6_RCC_Driver.o
 .debug_macro   0x0000000000000b51       0x10 Stm32_F103C6_Drivers/Stm32_F103C6_RCC_Driver.o
 .debug_macro   0x0000000000000b61      0x151 Stm32_F103C6_Drivers/Stm32_F103C6_USART_Driver.o

.debug_line     0x0000000000000000     0x2885
 .debug_line    0x0000000000000000      0x6b1 APP/UART_Test_1_Debugging_Using_Polling.o
 .debug_line    0x00000000000006b1      0x63a Src/main.o
 .debug_line    0x0000000000000ceb       0x84 Startup/startup_stm32f103c6tx.o
 .debug_line    0x0000000000000d6f      0x74b Stm32_F103C6_Drivers/Stm32_F103C6_EXTI_Driver.o
 .debug_line    0x00000000000014ba      0x6b4 Stm32_F103C6_Drivers/Stm32_F103C6_GPIO_Driver.o
 .debug_line    0x0000000000001b6e      0x5f6 Stm32_F103C6_Drivers/Stm32_F103C6_RCC_Driver.o
 .debug_line    0x0000000000002164      0x721 Stm32_F103C6_Drivers/Stm32_F103C6_USART_Driver.o

.debug_str      0x0000000000000000     0xa077
 .debug_str     0x0000000000000000     0x972c APP/UART_Test_1_Debugging_Using_Polling.o
                                       0x99a8 (size before relaxing)
 .debug_str     0x000000000000972c      0x3bc Src/main.o
                                       0x82fe (size before relaxing)
 .debug_str     0x0000000000009ae8       0x31 Startup/startup_stm32f103c6tx.o
                                         0x99 (size before relaxing)
 .debug_str     0x0000000000009b19      0x290 Stm32_F103C6_Drivers/Stm32_F103C6_EXTI_Driver.o
                                       0x949c (size before relaxing)
 .debug_str     0x0000000000009da9      0x117 Stm32_F103C6_Drivers/Stm32_F103C6_GPIO_Driver.o
                                       0x80e7 (size before relaxing)
 .debug_str     0x0000000000009ec0       0xa8 Stm32_F103C6_Drivers/Stm32_F103C6_RCC_Driver.o
                                       0x8055 (size before relaxing)
 .debug_str     0x0000000000009f68      0x10f Stm32_F103C6_Drivers/Stm32_F103C6_USART_Driver.o
                                       0x87ea (size before relaxing)

.comment        0x0000000000000000       0x7b
 .comment       0x0000000000000000       0x7b APP/UART_Test_1_Debugging_Using_Polling.o
                                         0x7c (size before relaxing)
 .comment       0x000000000000007b       0x7c Src/main.o
 .comment       0x000000000000007b       0x7c Stm32_F103C6_Drivers/Stm32_F103C6_EXTI_Driver.o
 .comment       0x000000000000007b       0x7c Stm32_F103C6_Drivers/Stm32_F103C6_GPIO_Driver.o
 .comment       0x000000000000007b       0x7c Stm32_F103C6_Drivers/Stm32_F103C6_RCC_Driver.o
 .comment       0x000000000000007b       0x7c Stm32_F103C6_Drivers/Stm32_F103C6_USART_Driver.o

.debug_frame    0x0000000000000000      0x5a0
 .debug_frame   0x0000000000000000       0x50 APP/UART_Test_1_Debugging_Using_Polling.o
 .debug_frame   0x0000000000000050       0x2c Src/main.o
 .debug_frame   0x000000000000007c      0x1b0 Stm32_F103C6_Drivers/Stm32_F103C6_EXTI_Driver.o
 .debug_frame   0x000000000000022c      0x178 Stm32_F103C6_Drivers/Stm32_F103C6_GPIO_Driver.o
 .debug_frame   0x00000000000003a4       0x84 Stm32_F103C6_Drivers/Stm32_F103C6_RCC_Driver.o
 .debug_frame   0x0000000000000428      0x14c Stm32_F103C6_Drivers/Stm32_F103C6_USART_Driver.o
 .debug_frame   0x0000000000000574       0x2c c:/st/stm32cubeide_1.4.0/stm32cubeide/plugins/com.st.stm32cube.ide.mcu.externaltools.gnu-tools-for-stm32.7-2018-q2-update.win32_1.4.0.202007081208/tools/bin/../lib/gcc/arm-none-eabi/7.3.1/../../../../arm-none-eabi/lib/thumb/v7-m\libc_nano.a(lib_a-init.o)
