Stm32_F103C6_EXTI_Driver.c:37:8:Enable_NVIC	16	static
Stm32_F103C6_EXTI_Driver.c:60:8:Disable_NVIC	16	static
Stm32_F103C6_EXTI_Driver.c:84:6:Update_EXTI	24	static
Stm32_F103C6_EXTI_Driver.c:155:6:MCAL_EXTI_GPIO_DeInit	4	static
Stm32_F103C6_EXTI_Driver.c:186:6:MCAL_EXTI_GPIO_Init	16	static
Stm32_F103C6_EXTI_Driver.c:199:6:MCAL_EXTI_GPIO_Update	16	static
Stm32_F103C6_EXTI_Driver.c:209:6:EXTI0_IRQHandler	8	static
Stm32_F103C6_EXTI_Driver.c:215:6:EXTI1_IRQHandler	8	static
Stm32_F103C6_EXTI_Driver.c:221:6:EXTI2_IRQHandler	8	static
Stm32_F103C6_EXTI_Driver.c:227:6:EXTI3_IRQHandler	8	static
Stm32_F103C6_EXTI_Driver.c:233:6:EXTI4_IRQHandler	8	static
Stm32_F103C6_EXTI_Driver.c:239:6:EXTI9_5_IRQHandler	8	static
Stm32_F103C6_EXTI_Driver.c:248:6:EXTI15_10_IRQHandler	8	static
